// Jest Snapshot v1, https://goo.gl/fbAQLP

exports[`SharpeRatios tests should match the snapshot 1`] = `
ShallowWrapper {
  "length": 1,
  Symbol(enzyme.__root__): [Circular],
  Symbol(enzyme.__unrendered__): <SharpeRatios
    sharpeRatios={
        Array [
            Object {
              "avgDailyReturn": 0.05605384475854788,
              "sharpe": 0.3367790990155856,
              "stdDeviation": 0.16644098437935959,
              "symbol": "BTC",
              "totalReturn": 7.803938213656599,
            },
            Object {
              "avgDailyReturn": 0.07045845145213675,
              "sharpe": 0.30332892173569054,
              "stdDeviation": 0.2322839874581152,
              "symbol": "ETH",
              "totalReturn": 9.882974392196722,
            },
          ]
    }
/>,
  Symbol(enzyme.__renderer__): Object {
    "batchedUpdates": [Function],
    "getNode": [Function],
    "render": [Function],
    "simulateEvent": [Function],
    "unmount": [Function],
  },
  Symbol(enzyme.__node__): Object {
    "instance": null,
    "key": undefined,
    "nodeType": "host",
    "props": Object {
      "children": <table>
        <thead>
                <tr>
                        <th>
                                <button
                                        onClick={[Function]}
                                >
                                        Currency
                                </button>
                        </th>
                        <th>
                                <button
                                        onClick={[Function]}
                                >
                                        Sharpe Ratio
                                </button>
                        </th>
                        <th>
                                <button
                                        onClick={[Function]}
                                >
                                        Total Return
                                </button>
                        </th>
                        <th>
                                <button
                                        onClick={[Function]}
                                >
                                        Average Daily Return
                                </button>
                        </th>
                        <th>
                                <button
                                        onClick={[Function]}
                                >
                                        Standard Deviation
                                </button>
                        </th>
                </tr>
        </thead>
        <tbody>
                <tr>
                        <td>
                                BTC
                        </td>
                        <td>
                                0.337
                        </td>
                        <td>
                                7.804
                        </td>
                        <td>
                                0.056
                        </td>
                        <td>
                                0.166
                        </td>
                </tr>
                <tr>
                        <td>
                                ETH
                        </td>
                        <td>
                                0.303
                        </td>
                        <td>
                                9.883
                        </td>
                        <td>
                                0.070
                        </td>
                        <td>
                                0.232
                        </td>
                </tr>
        </tbody>
</table>,
      "className": "SharpeRatios",
    },
    "ref": null,
    "rendered": Object {
      "instance": null,
      "key": undefined,
      "nodeType": "host",
      "props": Object {
        "children": Array [
          <thead>
            <tr>
                        <th>
                                    <button
                                                onClick={[Function]}
                                    >
                                                Currency
                                    </button>
                        </th>
                        <th>
                                    <button
                                                onClick={[Function]}
                                    >
                                                Sharpe Ratio
                                    </button>
                        </th>
                        <th>
                                    <button
                                                onClick={[Function]}
                                    >
                                                Total Return
                                    </button>
                        </th>
                        <th>
                                    <button
                                                onClick={[Function]}
                                    >
                                                Average Daily Return
                                    </button>
                        </th>
                        <th>
                                    <button
                                                onClick={[Function]}
                                    >
                                                Standard Deviation
                                    </button>
                        </th>
            </tr>
</thead>,
          <tbody>
            <tr>
                        <td>
                                    BTC
                        </td>
                        <td>
                                    0.337
                        </td>
                        <td>
                                    7.804
                        </td>
                        <td>
                                    0.056
                        </td>
                        <td>
                                    0.166
                        </td>
            </tr>
            <tr>
                        <td>
                                    ETH
                        </td>
                        <td>
                                    0.303
                        </td>
                        <td>
                                    9.883
                        </td>
                        <td>
                                    0.070
                        </td>
                        <td>
                                    0.232
                        </td>
            </tr>
</tbody>,
        ],
      },
      "ref": null,
      "rendered": Array [
        Object {
          "instance": null,
          "key": undefined,
          "nodeType": "host",
          "props": Object {
            "children": <tr>
              <th>
                            <button
                                          onClick={[Function]}
                            >
                                          Currency
                            </button>
              </th>
              <th>
                            <button
                                          onClick={[Function]}
                            >
                                          Sharpe Ratio
                            </button>
              </th>
              <th>
                            <button
                                          onClick={[Function]}
                            >
                                          Total Return
                            </button>
              </th>
              <th>
                            <button
                                          onClick={[Function]}
                            >
                                          Average Daily Return
                            </button>
              </th>
              <th>
                            <button
                                          onClick={[Function]}
                            >
                                          Standard Deviation
                            </button>
              </th>
</tr>,
          },
          "ref": null,
          "rendered": Object {
            "instance": null,
            "key": undefined,
            "nodeType": "host",
            "props": Object {
              "children": Array [
                <th>
                  <button
                                    onClick={[Function]}
                  >
                                    Currency
                  </button>
</th>,
                <th>
                  <button
                                    onClick={[Function]}
                  >
                                    Sharpe Ratio
                  </button>
</th>,
                <th>
                  <button
                                    onClick={[Function]}
                  >
                                    Total Return
                  </button>
</th>,
                <th>
                  <button
                                    onClick={[Function]}
                  >
                                    Average Daily Return
                  </button>
</th>,
                <th>
                  <button
                                    onClick={[Function]}
                  >
                                    Standard Deviation
                  </button>
</th>,
              ],
            },
            "ref": null,
            "rendered": Array [
              Object {
                "instance": null,
                "key": undefined,
                "nodeType": "host",
                "props": Object {
                  "children": <button
                    onClick={[Function]}
>
                    Currency
</button>,
                },
                "ref": null,
                "rendered": Object {
                  "instance": null,
                  "key": undefined,
                  "nodeType": "host",
                  "props": Object {
                    "children": "Currency",
                    "onClick": [Function],
                  },
                  "ref": null,
                  "rendered": "Currency",
                  "type": "button",
                },
                "type": "th",
              },
              Object {
                "instance": null,
                "key": undefined,
                "nodeType": "host",
                "props": Object {
                  "children": <button
                    onClick={[Function]}
>
                    Sharpe Ratio
</button>,
                },
                "ref": null,
                "rendered": Object {
                  "instance": null,
                  "key": undefined,
                  "nodeType": "host",
                  "props": Object {
                    "children": "Sharpe Ratio",
                    "onClick": [Function],
                  },
                  "ref": null,
                  "rendered": "Sharpe Ratio",
                  "type": "button",
                },
                "type": "th",
              },
              Object {
                "instance": null,
                "key": undefined,
                "nodeType": "host",
                "props": Object {
                  "children": <button
                    onClick={[Function]}
>
                    Total Return
</button>,
                },
                "ref": null,
                "rendered": Object {
                  "instance": null,
                  "key": undefined,
                  "nodeType": "host",
                  "props": Object {
                    "children": "Total Return",
                    "onClick": [Function],
                  },
                  "ref": null,
                  "rendered": "Total Return",
                  "type": "button",
                },
                "type": "th",
              },
              Object {
                "instance": null,
                "key": undefined,
                "nodeType": "host",
                "props": Object {
                  "children": <button
                    onClick={[Function]}
>
                    Average Daily Return
</button>,
                },
                "ref": null,
                "rendered": Object {
                  "instance": null,
                  "key": undefined,
                  "nodeType": "host",
                  "props": Object {
                    "children": "Average Daily Return",
                    "onClick": [Function],
                  },
                  "ref": null,
                  "rendered": "Average Daily Return",
                  "type": "button",
                },
                "type": "th",
              },
              Object {
                "instance": null,
                "key": undefined,
                "nodeType": "host",
                "props": Object {
                  "children": <button
                    onClick={[Function]}
>
                    Standard Deviation
</button>,
                },
                "ref": null,
                "rendered": Object {
                  "instance": null,
                  "key": undefined,
                  "nodeType": "host",
                  "props": Object {
                    "children": "Standard Deviation",
                    "onClick": [Function],
                  },
                  "ref": null,
                  "rendered": "Standard Deviation",
                  "type": "button",
                },
                "type": "th",
              },
            ],
            "type": "tr",
          },
          "type": "thead",
        },
        Object {
          "instance": null,
          "key": undefined,
          "nodeType": "host",
          "props": Object {
            "children": Array [
              <tr>
                <td>
                                BTC
                </td>
                <td>
                                0.337
                </td>
                <td>
                                7.804
                </td>
                <td>
                                0.056
                </td>
                <td>
                                0.166
                </td>
</tr>,
              <tr>
                <td>
                                ETH
                </td>
                <td>
                                0.303
                </td>
                <td>
                                9.883
                </td>
                <td>
                                0.070
                </td>
                <td>
                                0.232
                </td>
</tr>,
            ],
          },
          "ref": null,
          "rendered": Array [
            Object {
              "instance": null,
              "key": "[object Object]-0",
              "nodeType": "host",
              "props": Object {
                "children": Array [
                  <td>
                    BTC
</td>,
                  <td>
                    0.337
</td>,
                  <td>
                    7.804
</td>,
                  <td>
                    0.056
</td>,
                  <td>
                    0.166
</td>,
                ],
              },
              "ref": null,
              "rendered": Array [
                Object {
                  "instance": null,
                  "key": undefined,
                  "nodeType": "host",
                  "props": Object {
                    "children": "BTC",
                  },
                  "ref": null,
                  "rendered": "BTC",
                  "type": "td",
                },
                Object {
                  "instance": null,
                  "key": undefined,
                  "nodeType": "host",
                  "props": Object {
                    "children": "0.337",
                  },
                  "ref": null,
                  "rendered": "0.337",
                  "type": "td",
                },
                Object {
                  "instance": null,
                  "key": undefined,
                  "nodeType": "host",
                  "props": Object {
                    "children": "7.804",
                  },
                  "ref": null,
                  "rendered": "7.804",
                  "type": "td",
                },
                Object {
                  "instance": null,
                  "key": undefined,
                  "nodeType": "host",
                  "props": Object {
                    "children": "0.056",
                  },
                  "ref": null,
                  "rendered": "0.056",
                  "type": "td",
                },
                Object {
                  "instance": null,
                  "key": undefined,
                  "nodeType": "host",
                  "props": Object {
                    "children": "0.166",
                  },
                  "ref": null,
                  "rendered": "0.166",
                  "type": "td",
                },
              ],
              "type": "tr",
            },
            Object {
              "instance": null,
              "key": "[object Object]-1",
              "nodeType": "host",
              "props": Object {
                "children": Array [
                  <td>
                    ETH
</td>,
                  <td>
                    0.303
</td>,
                  <td>
                    9.883
</td>,
                  <td>
                    0.070
</td>,
                  <td>
                    0.232
</td>,
                ],
              },
              "ref": null,
              "rendered": Array [
                Object {
                  "instance": null,
                  "key": undefined,
                  "nodeType": "host",
                  "props": Object {
                    "children": "ETH",
                  },
                  "ref": null,
                  "rendered": "ETH",
                  "type": "td",
                },
                Object {
                  "instance": null,
                  "key": undefined,
                  "nodeType": "host",
                  "props": Object {
                    "children": "0.303",
                  },
                  "ref": null,
                  "rendered": "0.303",
                  "type": "td",
                },
                Object {
                  "instance": null,
                  "key": undefined,
                  "nodeType": "host",
                  "props": Object {
                    "children": "9.883",
                  },
                  "ref": null,
                  "rendered": "9.883",
                  "type": "td",
                },
                Object {
                  "instance": null,
                  "key": undefined,
                  "nodeType": "host",
                  "props": Object {
                    "children": "0.070",
                  },
                  "ref": null,
                  "rendered": "0.070",
                  "type": "td",
                },
                Object {
                  "instance": null,
                  "key": undefined,
                  "nodeType": "host",
                  "props": Object {
                    "children": "0.232",
                  },
                  "ref": null,
                  "rendered": "0.232",
                  "type": "td",
                },
              ],
              "type": "tr",
            },
          ],
          "type": "tbody",
        },
      ],
      "type": "table",
    },
    "type": "div",
  },
  Symbol(enzyme.__nodes__): Array [
    Object {
      "instance": null,
      "key": undefined,
      "nodeType": "host",
      "props": Object {
        "children": <table>
          <thead>
                    <tr>
                              <th>
                                        <button
                                                  onClick={[Function]}
                                        >
                                                  Currency
                                        </button>
                              </th>
                              <th>
                                        <button
                                                  onClick={[Function]}
                                        >
                                                  Sharpe Ratio
                                        </button>
                              </th>
                              <th>
                                        <button
                                                  onClick={[Function]}
                                        >
                                                  Total Return
                                        </button>
                              </th>
                              <th>
                                        <button
                                                  onClick={[Function]}
                                        >
                                                  Average Daily Return
                                        </button>
                              </th>
                              <th>
                                        <button
                                                  onClick={[Function]}
                                        >
                                                  Standard Deviation
                                        </button>
                              </th>
                    </tr>
          </thead>
          <tbody>
                    <tr>
                              <td>
                                        BTC
                              </td>
                              <td>
                                        0.337
                              </td>
                              <td>
                                        7.804
                              </td>
                              <td>
                                        0.056
                              </td>
                              <td>
                                        0.166
                              </td>
                    </tr>
                    <tr>
                              <td>
                                        ETH
                              </td>
                              <td>
                                        0.303
                              </td>
                              <td>
                                        9.883
                              </td>
                              <td>
                                        0.070
                              </td>
                              <td>
                                        0.232
                              </td>
                    </tr>
          </tbody>
</table>,
        "className": "SharpeRatios",
      },
      "ref": null,
      "rendered": Object {
        "instance": null,
        "key": undefined,
        "nodeType": "host",
        "props": Object {
          "children": Array [
            <thead>
              <tr>
                            <th>
                                          <button
                                                        onClick={[Function]}
                                          >
                                                        Currency
                                          </button>
                            </th>
                            <th>
                                          <button
                                                        onClick={[Function]}
                                          >
                                                        Sharpe Ratio
                                          </button>
                            </th>
                            <th>
                                          <button
                                                        onClick={[Function]}
                                          >
                                                        Total Return
                                          </button>
                            </th>
                            <th>
                                          <button
                                                        onClick={[Function]}
                                          >
                                                        Average Daily Return
                                          </button>
                            </th>
                            <th>
                                          <button
                                                        onClick={[Function]}
                                          >
                                                        Standard Deviation
                                          </button>
                            </th>
              </tr>
</thead>,
            <tbody>
              <tr>
                            <td>
                                          BTC
                            </td>
                            <td>
                                          0.337
                            </td>
                            <td>
                                          7.804
                            </td>
                            <td>
                                          0.056
                            </td>
                            <td>
                                          0.166
                            </td>
              </tr>
              <tr>
                            <td>
                                          ETH
                            </td>
                            <td>
                                          0.303
                            </td>
                            <td>
                                          9.883
                            </td>
                            <td>
                                          0.070
                            </td>
                            <td>
                                          0.232
                            </td>
              </tr>
</tbody>,
          ],
        },
        "ref": null,
        "rendered": Array [
          Object {
            "instance": null,
            "key": undefined,
            "nodeType": "host",
            "props": Object {
              "children": <tr>
                <th>
                                <button
                                                onClick={[Function]}
                                >
                                                Currency
                                </button>
                </th>
                <th>
                                <button
                                                onClick={[Function]}
                                >
                                                Sharpe Ratio
                                </button>
                </th>
                <th>
                                <button
                                                onClick={[Function]}
                                >
                                                Total Return
                                </button>
                </th>
                <th>
                                <button
                                                onClick={[Function]}
                                >
                                                Average Daily Return
                                </button>
                </th>
                <th>
                                <button
                                                onClick={[Function]}
                                >
                                                Standard Deviation
                                </button>
                </th>
</tr>,
            },
            "ref": null,
            "rendered": Object {
              "instance": null,
              "key": undefined,
              "nodeType": "host",
              "props": Object {
                "children": Array [
                  <th>
                    <button
                                        onClick={[Function]}
                    >
                                        Currency
                    </button>
</th>,
                  <th>
                    <button
                                        onClick={[Function]}
                    >
                                        Sharpe Ratio
                    </button>
</th>,
                  <th>
                    <button
                                        onClick={[Function]}
                    >
                                        Total Return
                    </button>
</th>,
                  <th>
                    <button
                                        onClick={[Function]}
                    >
                                        Average Daily Return
                    </button>
</th>,
                  <th>
                    <button
                                        onClick={[Function]}
                    >
                                        Standard Deviation
                    </button>
</th>,
                ],
              },
              "ref": null,
              "rendered": Array [
                Object {
                  "instance": null,
                  "key": undefined,
                  "nodeType": "host",
                  "props": Object {
                    "children": <button
                      onClick={[Function]}
>
                      Currency
</button>,
                  },
                  "ref": null,
                  "rendered": Object {
                    "instance": null,
                    "key": undefined,
                    "nodeType": "host",
                    "props": Object {
                      "children": "Currency",
                      "onClick": [Function],
                    },
                    "ref": null,
                    "rendered": "Currency",
                    "type": "button",
                  },
                  "type": "th",
                },
                Object {
                  "instance": null,
                  "key": undefined,
                  "nodeType": "host",
                  "props": Object {
                    "children": <button
                      onClick={[Function]}
>
                      Sharpe Ratio
</button>,
                  },
                  "ref": null,
                  "rendered": Object {
                    "instance": null,
                    "key": undefined,
                    "nodeType": "host",
                    "props": Object {
                      "children": "Sharpe Ratio",
                      "onClick": [Function],
                    },
                    "ref": null,
                    "rendered": "Sharpe Ratio",
                    "type": "button",
                  },
                  "type": "th",
                },
                Object {
                  "instance": null,
                  "key": undefined,
                  "nodeType": "host",
                  "props": Object {
                    "children": <button
                      onClick={[Function]}
>
                      Total Return
</button>,
                  },
                  "ref": null,
                  "rendered": Object {
                    "instance": null,
                    "key": undefined,
                    "nodeType": "host",
                    "props": Object {
                      "children": "Total Return",
                      "onClick": [Function],
                    },
                    "ref": null,
                    "rendered": "Total Return",
                    "type": "button",
                  },
                  "type": "th",
                },
                Object {
                  "instance": null,
                  "key": undefined,
                  "nodeType": "host",
                  "props": Object {
                    "children": <button
                      onClick={[Function]}
>
                      Average Daily Return
</button>,
                  },
                  "ref": null,
                  "rendered": Object {
                    "instance": null,
                    "key": undefined,
                    "nodeType": "host",
                    "props": Object {
                      "children": "Average Daily Return",
                      "onClick": [Function],
                    },
                    "ref": null,
                    "rendered": "Average Daily Return",
                    "type": "button",
                  },
                  "type": "th",
                },
                Object {
                  "instance": null,
                  "key": undefined,
                  "nodeType": "host",
                  "props": Object {
                    "children": <button
                      onClick={[Function]}
>
                      Standard Deviation
</button>,
                  },
                  "ref": null,
                  "rendered": Object {
                    "instance": null,
                    "key": undefined,
                    "nodeType": "host",
                    "props": Object {
                      "children": "Standard Deviation",
                      "onClick": [Function],
                    },
                    "ref": null,
                    "rendered": "Standard Deviation",
                    "type": "button",
                  },
                  "type": "th",
                },
              ],
              "type": "tr",
            },
            "type": "thead",
          },
          Object {
            "instance": null,
            "key": undefined,
            "nodeType": "host",
            "props": Object {
              "children": Array [
                <tr>
                  <td>
                                    BTC
                  </td>
                  <td>
                                    0.337
                  </td>
                  <td>
                                    7.804
                  </td>
                  <td>
                                    0.056
                  </td>
                  <td>
                                    0.166
                  </td>
</tr>,
                <tr>
                  <td>
                                    ETH
                  </td>
                  <td>
                                    0.303
                  </td>
                  <td>
                                    9.883
                  </td>
                  <td>
                                    0.070
                  </td>
                  <td>
                                    0.232
                  </td>
</tr>,
              ],
            },
            "ref": null,
            "rendered": Array [
              Object {
                "instance": null,
                "key": "[object Object]-0",
                "nodeType": "host",
                "props": Object {
                  "children": Array [
                    <td>
                      BTC
</td>,
                    <td>
                      0.337
</td>,
                    <td>
                      7.804
</td>,
                    <td>
                      0.056
</td>,
                    <td>
                      0.166
</td>,
                  ],
                },
                "ref": null,
                "rendered": Array [
                  Object {
                    "instance": null,
                    "key": undefined,
                    "nodeType": "host",
                    "props": Object {
                      "children": "BTC",
                    },
                    "ref": null,
                    "rendered": "BTC",
                    "type": "td",
                  },
                  Object {
                    "instance": null,
                    "key": undefined,
                    "nodeType": "host",
                    "props": Object {
                      "children": "0.337",
                    },
                    "ref": null,
                    "rendered": "0.337",
                    "type": "td",
                  },
                  Object {
                    "instance": null,
                    "key": undefined,
                    "nodeType": "host",
                    "props": Object {
                      "children": "7.804",
                    },
                    "ref": null,
                    "rendered": "7.804",
                    "type": "td",
                  },
                  Object {
                    "instance": null,
                    "key": undefined,
                    "nodeType": "host",
                    "props": Object {
                      "children": "0.056",
                    },
                    "ref": null,
                    "rendered": "0.056",
                    "type": "td",
                  },
                  Object {
                    "instance": null,
                    "key": undefined,
                    "nodeType": "host",
                    "props": Object {
                      "children": "0.166",
                    },
                    "ref": null,
                    "rendered": "0.166",
                    "type": "td",
                  },
                ],
                "type": "tr",
              },
              Object {
                "instance": null,
                "key": "[object Object]-1",
                "nodeType": "host",
                "props": Object {
                  "children": Array [
                    <td>
                      ETH
</td>,
                    <td>
                      0.303
</td>,
                    <td>
                      9.883
</td>,
                    <td>
                      0.070
</td>,
                    <td>
                      0.232
</td>,
                  ],
                },
                "ref": null,
                "rendered": Array [
                  Object {
                    "instance": null,
                    "key": undefined,
                    "nodeType": "host",
                    "props": Object {
                      "children": "ETH",
                    },
                    "ref": null,
                    "rendered": "ETH",
                    "type": "td",
                  },
                  Object {
                    "instance": null,
                    "key": undefined,
                    "nodeType": "host",
                    "props": Object {
                      "children": "0.303",
                    },
                    "ref": null,
                    "rendered": "0.303",
                    "type": "td",
                  },
                  Object {
                    "instance": null,
                    "key": undefined,
                    "nodeType": "host",
                    "props": Object {
                      "children": "9.883",
                    },
                    "ref": null,
                    "rendered": "9.883",
                    "type": "td",
                  },
                  Object {
                    "instance": null,
                    "key": undefined,
                    "nodeType": "host",
                    "props": Object {
                      "children": "0.070",
                    },
                    "ref": null,
                    "rendered": "0.070",
                    "type": "td",
                  },
                  Object {
                    "instance": null,
                    "key": undefined,
                    "nodeType": "host",
                    "props": Object {
                      "children": "0.232",
                    },
                    "ref": null,
                    "rendered": "0.232",
                    "type": "td",
                  },
                ],
                "type": "tr",
              },
            ],
            "type": "tbody",
          },
        ],
        "type": "table",
      },
      "type": "div",
    },
  ],
  Symbol(enzyme.__options__): Object {
    "adapter": ReactSixteenAdapter {
      "options": Object {
        "enableComponentDidUpdateOnSetState": true,
      },
    },
  },
}
`;
